<template>
    <div>
        <div>{{pagePara}}</div>
        <div>
            <hello-world></hello-world>
        </div>
    </div>
</template>